// Vitest Snapshot v1, https://vitest.dev/guide/snapshot.html

exports[`<AuthCard/> > Should matches snapshot 1`] = `
<div>
  <div
    class="MuiPaper-root MuiPaper-elevation MuiPaper-rounded MuiPaper-elevation1 MuiCard-root css-15d2lr-MuiPaper-root-MuiCard-root"
    style="--Paper-shadow: 0px 2px 1px -1px rgba(0,0,0,0.2),0px 1px 1px 0px rgba(0,0,0,0.14),0px 1px 3px 0px rgba(0,0,0,0.12);"
  />
</div>
`;
